T5788 000:002.401   SEGGER J-Link V9.42 Log File
T5788 000:002.717   DLL Compiled: May  6 2026 12:25:27
T5788 000:002.735   Logging started @ 2026-09-20 08:52
T5788 000:002.752   Process: C:\Users\tsuto\.eclipse\com.renesas.platform_1713588285\DebugComp\RA\e2-server-gdb.exe
T5788 000:002.781 - 2.768ms 
T5788 000:002.821 JLINK_GetDLLVersion()
T5788 000:002.839 - 0.021ms returns 94200
T5788 000:008.759 JLINK_OpenEx(...)
T5788 000:031.539   Firmware: J-Link OB-RA4M2 compiled Dec 10 2025 15:52:53
T5788 000:039.159   Firmware: J-Link OB-RA4M2 compiled Dec 10 2025 15:52:53
T5788 000:063.202   Hardware: V1.00
T5788 000:063.262   S/N: 1085478086
T5788 000:063.289   OEM: SEGGER
T5788 000:063.709   Feature(s): None
T5788 000:071.089   Bootloader: 2021 May 14
T5788 000:076.438   USB speed mode: Full speed (12 MBit/s)
T5788 000:079.516   TELNET listener socket opened on port 19021
T5788 000:079.819   WEBSRV WEBSRV_Init(): Starting webserver thread(s)
T5788 000:079.960   WEBSRV Failed to put socket into listener state (port 19080)
T5788 000:080.251   WEBSRV Webserver running on local port 19081
T5788 000:080.476   Looking for J-Link GUI Server exe at: C:\Users\tsuto\.eclipse\com.renesas.platform_1713588285\DebugComp\RA\ARM\Segger_v9.42.0\JLinkGUIServer.exe
T5788 000:080.711   Looking for J-Link GUI Server exe at: C:\Program Files\SEGGER\JLink_V852\JLinkGUIServer.exe
T5788 000:080.799   Forking J-Link GUI Server: C:\Program Files\SEGGER\JLink_V852\JLinkGUIServer.exe
T5788 000:092.374   J-Link GUI Server info: "J-Link GUI server V8.52 "
T5788 000:094.021 - 84.818ms returns "O.K."
T5788 000:094.258 JLINK_TIF_Select(JLINKARM_TIF_SWD)
T5788 000:102.672 - 8.420ms returns 0x00
T5788 000:103.249 JLINK_ClrRESET()
T5788 000:130.989 - 27.738ms 
T5788 000:181.452 JLINK_SetSpeed(1500)
T5788 000:181.867 - 0.670ms 
T5788 000:181.954 JLINK_CORESIGHT_Configure(PerformTIFInit=0)
T5788 000:185.200 - 3.248ms returns 0
T5788 000:185.290 JLINK_CORESIGHT_ReadAPDPReg(DP reg 0x00)
T5788 000:185.729   Value=0x6BA02477
T5788 000:185.760 - 0.474ms returns 0
T5788 000:185.826 JLINK_CORESIGHT_WriteAPDPReg(DP reg 0x00, 0x0000001F)
T5788 000:186.222 - 0.395ms returns 0
T5788 000:186.296 JLINK_CORESIGHT_ReadAPDPReg(DP reg 0x00)
T5788 000:186.703   Value=0x6BA02477
T5788 000:186.733 - 0.437ms returns 0
T5788 000:186.795 JLINK_CORESIGHT_WriteAPDPReg(DP reg 0x02, 0x00000000)
T5788 000:187.238 - 0.443ms returns 0
T5788 000:187.313 JLINK_CORESIGHT_WriteAPDPReg(DP reg 0x01, 0x50000000)
T5788 000:187.758 - 0.444ms returns 0
T5788 000:187.842 JLINK_CORESIGHT_ReadAPDPReg(DP reg 0x01)
T5788 000:188.302   Value=0xF0000000
T5788 000:188.334 - 0.492ms returns 0
T5788 000:188.395 JLINK_CORESIGHT_WriteAPDPReg(DP reg 0x00, 0x0000001F)
T5788 000:188.838 - 0.442ms returns 0
T5788 000:188.912 JLINK_CORESIGHT_ReadAPDPReg(DP reg 0x00)
T5788 000:189.360   Value=0x6BA02477
T5788 000:189.395 - 0.483ms returns 0
T5788 000:189.474 JLINK_CORESIGHT_WriteAPDPReg(DP reg 0x01, 0x54000000)
T5788 000:189.981 - 0.507ms returns 0
T5788 000:190.056 JLINK_CORESIGHT_WriteAPDPReg(DP reg 0x01, 0x50000F00)
T5788 000:190.512 - 0.455ms returns 0
T5788 000:190.604 JLINK_CORESIGHT_WriteAPDPReg(DP reg 0x02, 0x01000000)
T5788 000:191.028 - 0.424ms returns 0
T5788 000:191.099 JLINK_CORESIGHT_WriteAPDPReg(AP reg 0x00, 0x80000002)
T5788 000:191.517 - 0.418ms returns 0
T5788 000:191.587 JLINK_CORESIGHT_WriteAPDPReg(AP reg 0x01, 0x80011100)
T5788 000:191.996 - 0.409ms returns 0
T5788 000:192.066 JLINK_CORESIGHT_WriteAPDPReg(AP reg 0x03, 0x000000A5)
T5788 000:192.452 - 0.385ms returns 0
T5788 000:192.542 JLINK_CORESIGHT_WriteAPDPReg(AP reg 0x00, 0x80000002)
T5788 000:193.658 - 1.116ms returns 0
T5788 000:193.728 JLINK_CORESIGHT_WriteAPDPReg(AP reg 0x01, 0x80011100)
T5788 000:195.287 - 1.559ms returns 0
T5788 000:195.353 JLINK_CORESIGHT_ReadAPDPReg(AP reg 0x03)
T5788 000:195.795   failed
T5788 000:195.821 - 0.468ms returns -1
T5788 000:195.956 JLINK_ClrRESET()
T5788 000:196.523 - 0.566ms 
T5788 000:246.899 JLINK_SetSpeed(1500)
T5788 000:247.315 - 0.415ms 
T5788 000:247.459 JLINK_CORESIGHT_Configure(PerformTIFInit=0)
T5788 000:248.290 - 0.830ms returns 0
T5788 000:248.365 JLINK_CORESIGHT_ReadAPDPReg(DP reg 0x00)
T5788 000:248.784   Value=0x6BA02477
T5788 000:248.820 - 0.455ms returns 0
T5788 000:248.883 JLINK_CORESIGHT_WriteAPDPReg(DP reg 0x00, 0x0000001F)
T5788 000:249.289 - 0.406ms returns 0
T5788 000:249.362 JLINK_CORESIGHT_ReadAPDPReg(DP reg 0x00)
T5788 000:249.781   Value=0x6BA02477
T5788 000:249.818 - 0.455ms returns 0
T5788 000:249.881 JLINK_CORESIGHT_WriteAPDPReg(DP reg 0x02, 0x00000000)
T5788 000:250.323 - 0.441ms returns 0
T5788 000:250.396 JLINK_CORESIGHT_WriteAPDPReg(DP reg 0x01, 0x50000000)
T5788 000:250.792 - 0.395ms returns 0
T5788 000:250.872 JLINK_CORESIGHT_ReadAPDPReg(DP reg 0x01)
T5788 000:251.283   Value=0xF0000000
T5788 000:251.317 - 0.445ms returns 0
T5788 000:251.393 JLINK_CORESIGHT_WriteAPDPReg(DP reg 0x00, 0x0000001F)
T5788 000:251.790 - 0.397ms returns 0
T5788 000:251.895 JLINK_CORESIGHT_ReadAPDPReg(DP reg 0x00)
T5788 000:252.337   Value=0x6BA02477
T5788 000:252.363 - 0.468ms returns 0
T5788 000:252.424 JLINK_CORESIGHT_WriteAPDPReg(DP reg 0x01, 0x54000000)
T5788 000:252.770 - 0.346ms returns 0
T5788 000:252.839 JLINK_CORESIGHT_WriteAPDPReg(DP reg 0x01, 0x50000F00)
T5788 000:253.248 - 0.409ms returns 0
T5788 000:253.316 JLINK_CORESIGHT_WriteAPDPReg(DP reg 0x02, 0x01000000)
T5788 000:253.717 - 0.400ms returns 0
T5788 000:253.786 JLINK_CORESIGHT_WriteAPDPReg(AP reg 0x00, 0x80000002)
T5788 000:254.221 - 0.435ms returns 0
T5788 000:254.290 JLINK_CORESIGHT_WriteAPDPReg(AP reg 0x01, 0x80011100)
T5788 000:254.679 - 0.389ms returns 0
T5788 000:254.747 JLINK_CORESIGHT_WriteAPDPReg(AP reg 0x03, 0x000000A5)
T5788 000:255.134 - 0.387ms returns 0
T5788 000:255.202 JLINK_CORESIGHT_WriteAPDPReg(AP reg 0x00, 0x80000002)
T5788 000:255.609 - 0.406ms returns 0
T5788 000:255.677 JLINK_CORESIGHT_WriteAPDPReg(AP reg 0x01, 0x80011100)
T5788 000:256.203 - 0.525ms returns 0
T5788 000:256.309 JLINK_CORESIGHT_ReadAPDPReg(AP reg 0x03)
T5788 000:257.458   Value=0x000000A5
T5788 000:257.489 - 1.179ms returns 0
T5788 000:257.555 JLINK_ClrTMS()
T5788 000:258.664 - 1.108ms 
T5788 000:263.876 JLINK_SetTCK()
T5788 000:264.213 - 0.335ms returns 0
T5788 000:269.899 JLINK_SetRESET()
T5788 000:270.233 - 0.332ms 
T5788 000:470.843 JLINK_CORESIGHT_WriteAPDPReg(AP reg 0x00, 0x80000002)
T5788 000:471.426 - 0.583ms returns 0
T5788 000:471.515 JLINK_CORESIGHT_WriteAPDPReg(AP reg 0x01, 0x80011100)
T5788 000:471.889 - 0.373ms returns 0
T5788 000:471.954 JLINK_CORESIGHT_ReadAPDPReg(AP reg 0x03)
T5788 000:472.434   failed
T5788 000:472.461 - 0.506ms returns -1
T5788 000:474.024 JLINK_CORESIGHT_ReadAPDPReg(DP reg 0x01)
T5788 000:474.481   Value=0xF0000F00
T5788 000:474.508 - 0.485ms returns 0
T5788 000:474.568 JLINK_CORESIGHT_WriteAPDPReg(DP reg 0x01, 0xA0000F00)
T5788 000:474.937 - 0.368ms returns 0
T5788 000:475.005 JLINK_CORESIGHT_ReadAPDPReg(DP reg 0x01)
T5788 000:475.395   Value=0x00000F00
T5788 000:475.419 - 0.415ms returns 0
T5788 000:475.478 JLINK_ClrRESET()
T5788 000:476.100 - 0.622ms 
T5788 000:582.537 JLINK_Close()
T5788 000:586.465 - 3.927ms
T5788 000:586.514   
T5788 000:586.537   Closed
